// Jest Snapshot v1, https://goo.gl/fbAQLP

exports[`should render shop page 1`] = `
<div>
  <ShopPage />
</div>
`;
